---
source: crates/bsnext_system/src/start_kind/start_from_paths.rs
expression: input
---
Input {
    servers: [
        ServerConfig {
            identity: Address {
                bind_address: "0.0.0.0:3000",
            },
            routes: [
                Route {
                    path: "/",
                    cors_opts: None,
                    delay_opts: None,
                    watch_opts: Bool(
                        true,
                    ),
                    kind: Dir(
                        DirRoute {
                            dir: ".",
                        },
                    ),
                    headers: None,
                },
            ],
            watchers: [],
        },
    ],
}
