---
source: crates/bsnext_system/src/start_kind/start_from_paths.rs
expression: input
---
Input {
    servers: [
        ServerConfig {
            identity: Address {
                bind_address: "0.0.0.0:3000",
            },
            routes: [
                Route {
                    path: "/",
                    kind: Dir(
                        DirRoute {
                            dir: ".",
                            base: None,
                        },
                    ),
                    opts: Opts {
                        cors: None,
                        delay: None,
                        watch: Bool(
                            true,
                        ),
                        inject: Bool(
                            true,
                        ),
                        headers: None,
                        compression: None,
                    },
                    fallback: None,
                },
            ],
            watchers: [],
            clients: ClientConfig {
                log: Info,
            },
        },
    ],
}
