---
source: crates/bsnext_input/src/input_test/mod.rs
expression: c
---
Config {
    items: [
        Route {
            path: "/api",
            cors_opts: None,
            delay_opts: None,
            watch_opts: Bool(
                true,
            ),
            inject_opts: Bool(
                true,
            ),
            kind: Json {
                json: JsonWrapper(
                    Array [
                        Number(1),
                        Number(2),
                    ],
                ),
            },
            headers: Some(
                {
                    "a": "b",
                },
            ),
        },
    ],
}
